#-----------------------------------------------------------
# Vivado v2025.1 (64-bit)
# SW Build 6140274 on Wed May 21 22:58:25 MDT 2025
# IP Build 6138677 on Thu May 22 03:10:11 MDT 2025
# SharedData Build 6139179 on Tue May 20 17:58:58 MDT 2025
# Start of session at: Mon May 18 18:15:47 2026
# Process ID         : 6531
# Current directory  : /home/ishara/Research/repos/chipyard/fpga/scripts
# Command line       : vivado -mode batch -source /tmp/tmp.vkII84AAE9
# Log file           : /home/ishara/Research/repos/chipyard/fpga/scripts/vivado.log
# Journal file       : /home/ishara/Research/repos/chipyard/fpga/scripts/vivado.jou
# Running On         : ishara
# Platform           : Ubuntu
# Operating System   : Ubuntu 24.04.4 LTS
# Processor Detail   : AMD Ryzen 9 9950X3D 16-Core Processor
# CPU Frequency      : 624.194 MHz
# CPU Physical cores : 16
# CPU Logical cores  : 32
# Host memory        : 64927 MB
# Swap memory        : 8589 MB
# Total Virtual      : 73516 MB
# Available Virtual  : 70555 MB
#-----------------------------------------------------------
source /tmp/tmp.vkII84AAE9
